Dump	==================================================
Dump	===== current object_classes (keys):
Dump	 ["objectTemplate", "top"]
Dump	==================================================
Dump	===== looking for 'userTemplate'==================
Dump	===== (superior classes already in cache) ========
Dump	==================================================
Read	.ldap.schema.oc $["name":"userTemplate"] $["desc":"User object template", "may":["secondaryGroup"], "must":["cn"], "oid":"1.3.6.1.4.1.7057.10.1.5", "sup":["objectTemplate"]]
Return	["secondaryGroup", "cn", "defaultObjectClass", "requiredAttribute", "allowedAttribute", "defaultValue", "namingAttribute", "objectClass"]
Dump	==================================================
Dump	===== updated object_classes (keys):
Dump	 ["objectTemplate", "top", "userTemplate"]
Dump	==================================================
Dump	===== looking for non-existent class =============
Dump	==================================================
Read	.ldap.schema.oc $["name":"userTemplat"] nil
Return	[]
Dump	==================================================
Dump	===== updated object_classes (keys):
Dump	 ["objectTemplate", "top", "userTemplat", "userTemplate"]
