Dump	==== bind anonymously ==============================
Execute	.ldap.bind $[] true
Return	
Dump	==== bind failed ====================================
Execute	.ldap.bind $["bind_dn":"uid=manager,dc=suse,dc=cz", "bind_pw":"p"] false
Read	.ldap.error $["msg":"Bind failed"]
Return	Bind failed
Dump	==== bind ok ========================================
Execute	.ldap.bind $["bind_dn":"uid=manager,dc=suse,dc=cz", "bind_pw":"pw"] true
Return	
