Return	uid=root
Return	root
Return	cn=admin,dc=suse,dc=cz
Return	uid=root
Return	root
Return	cn=admin
Return	root
Return	root
Return	cn=admin
