Dump	==================================================
Dump	===== single attribute ===========================
Read	.ldap.schema.at $["name":"uid"] $["desc":"uid desc", "single":true]
Return	true
Dump	==================================================
Dump	===== non-existent attribute =====================
Read	.ldap.schema.at $["name":"skelDi"] nil
Return	false
Dump	==================================================
Dump	===== non-single attribute =======================
Read	.ldap.schema.at $["name":"skelDir"] $["desc":"skelDir desc"]
Return	false
Dump	==================================================
Dump	===== skelDir once again (already in cache) ======
Return	false
Dump	==================================================
Dump	===== cn (always single) =========================
Read	.ldap.schema.at $["name":"cn"] $["desc":"cn attribute description", "oid":"1.2.3.4.5", "single":false]
Return	true
Dump	==================================================
Dump	===== description of new attribute ===============
Read	.ldap.schema.at $["name":"defaultTemplate"] $["desc":"The DN of a template that should be used by default", "single":false]
Return	The DN of a template that should be used by default
Dump	==================================================
Dump	===== description of used attribute (in cache) ===
Return	cn attribute description
